<?xml version="1.0"?>
<objectDataList2D>

    <!-- DEFAULT DEFAULT DEFAULT DEFAULT DEFAULT DEFAULT DEFAULT DEFAULT -->
    <default name="">
        <visual>
            <mesh genType="quad"/>
            <shader id="shader_2d"/>
        </visual>
    </default>
    <!-- DEFAULT DEFAULT DEFAULT DEFAULT DEFAULT DEFAULT DEFAULT DEFAULT -->
  
    <objectList>

        <object name="daytime_buildingsback">
            <visual>
                <texture file="data/textures/level/daytime_buildingsback.png" filter="NEAREST"/>
            </visual>
        </object>

        <object name="player_ship_body">
            <visual>
                <texture file="data/textures/playerShip/skyship.png"/>
            </visual>
        </object>

        <object name="player_fire_tail">
            <visual>
                <texture count="12" file="data/textures/playerShip/firetail${NUM}.png"/>
            </visual>
        </object>

        <object name="lazer_blast">
            <visual>
                <texture count="4" file="data/textures/playerShip/laser_blast_${NUM}.png"/>
            </visual>
        </object>

        <object name="enemy_ship">
            <visual>
                <texture file="data/textures/enemyShip/enemy.png"/>
            </visual>
            <collision filterCategoryBits="0x00000001" filterMaskBits="0xFFFFFFFF">
                <polygonList radiusFromVisual="true" pointsToModelView="true" optionalPointCheck="false">
                    <polygon>
                        <point x="78" y="1"/>
                        <point x="0" y="68"/>
                        <point x="28" y="109"/>
                        <point x="126" y="109"/>
                        <point x="155" y="68"/>
                    </polygon>
                </polygonList>

                <!--<rect radiusFromVisual="true" rectToModelView="true">
                    <rect x1="9" y1="12" x2="47" y2="120"/>
                    <rect x1="45" y1="17" x2="111" y2="102"/>
                    <rect x1="112" y1="12" x2="150" y2="120"/>
                </rect>
                
                <circle radiusFromVisual="true"/>
                <point radiusFromVisual="true"/>
                <lineList radiusFromVisual="true" pointsToModelView="true">
                    <line>
                        <point x="78" y="5"/>
                        <point x="79" y="100"/>
                    </line>
                </lineList>-->
            </collision>
        </object>

        <object name="null_lazer_sprite">
            <visual>
                <mesh genType="null"/>
            </visual>
            <collision filterCategoryBits="0x00000002" filterMaskBits="0xFFFFFFFF" collisionSignal="true">
                <!--<circle radiusFromVisual="true"/>-->
                <rect radiusFromVisual="true" rectFromVisual="true"/>
                <!--<point radiusFromVisual="true"/>
                <lineList radiusFromVisual="true" pointsToModelView="true">
                    <line>
                        <point x="5" y="4"/>
                        <point x="10" y="-4"/>
                    </line>
                </lineList>
                <polygonList radiusFromVisual="true" pointsToModelView="true" optionalPointCheck="false">
                    <polygon>
                        <point x="0" y="0"/>
                        <point x="16" y="2"/>
                        <point x="16" y="5"/>
                        <point x="0" y="7"/>
                    </polygon>
                </polygonList>-->
            </collision>
            <size width="16" height="7"/>
        </object>

    </objectList>

</objectDataList2D>

