<?xml version="1.0"?>
<objectDataList2D>

    <!-- DEFAULT DEFAULT DEFAULT DEFAULT DEFAULT DEFAULT DEFAULT DEFAULT -->
    <default  name="">
        <visual>
            <mesh genType="quad"/>
            <shader id="shader_2d"/>
        </visual>
    </default>
    <!-- DEFAULT DEFAULT DEFAULT DEFAULT DEFAULT DEFAULT DEFAULT DEFAULT -->
  
    <objectList>

        <object name="ground">
            <visual>
                <texture file="data/textures/level/ground.png"/>
            </visual>
        </object>

        <object name="player_ship">
            <visual>
                <texture file="data/textures/playerShip/skyship.png"/>
            </visual>
        </object>

        <object name="fire_tail">
            <visual>
                <texture count="12" file="data/textures/playerShip/firetail${NUM}.png"/>
            </visual>
        </object>

        <object name="lazer_blast">
            <visual>
                <texture count="4" file="data/textures/playerShip/laser_blast_${NUM}.png"/>
            </visual>
        </object>

    </objectList>

</objectDataList2D>

