<?xml version="1.0"?>
<objectDataList2D>

    <!-- DEFAULT DEFAULT DEFAULT DEFAULT DEFAULT DEFAULT DEFAULT DEFAULT -->
    <default name="">
        <visual>
            <mesh genType="quad"/>
            <shader id="shader_2d"/>
        </visual>
    </default>
    <!-- DEFAULT DEFAULT DEFAULT DEFAULT DEFAULT DEFAULT DEFAULT DEFAULT -->
  
    <objectList>

        <object name="progress_frame">
            <visual>
                <texture file="data/textures/level/8x8_1_pixel_frame.png" filter="NEAREST"/>
                <mesh genType="scaled_frame">
                    <scaledFrame thicknessWidth="3" thicknessHeight="3" centerQuad="true"/>
                </mesh>
                <color r="0" g="0" b="0" a="1"/>
            </visual>
            <size width="60" height="8"/>
        </object>
        
        <object name="progress_solid">
            <visual>
                <shader id="shader_solid_2d"/>
                <color r="0" g="255" b="0" a="1"/>
            </visual>
            <size width="54" height="4"/>
        </object>

        <object name="boost_solid">
            <visual>
                <shader id="shader_solid_2d"/>
                <color r="100" g="140" b="250" a="1"/>
            </visual>
            <size width="54" height="4"/>
        </object>

        <object name="background">
            <visual>
                <texture count="3" file="data/textures/level/background_${NUM}.png" filter="NEAREST"/>
            </visual>
        </object>

        <object name="buildingsback">
            <visual>
                <texture count="3" file="data/textures/level/buildingsback_${NUM}.png" filter="NEAREST"/>
            </visual>
        </object>

        <object name="buildingsfront">
            <visual>
                <texture count="3" file="data/textures/level/buildingsfront_${NUM}.png" filter="NEAREST"/>
            </visual>
        </object>

        <object name="trees">
            <visual>
                <texture count="3" file="data/textures/level/trees_${NUM}.png" filter="NEAREST"/>
            </visual>
        </object>

        <object name="traintracks">
            <visual>
                <texture count="3" file="data/textures/level/traintracks_${NUM}.png" filter="NEAREST"/>
            </visual>
        </object>

        <object name="train">
            <visual>
                <texture count="3" file="data/textures/level/train_${NUM}.png" filter="NEAREST"/>
            </visual>
        </object>

        <object name="cloud_0">
            <visual>
                <texture count="3" file="data/textures/level/cloudA_${NUM}.png" filter="NEAREST"/>
            </visual>
        </object>

        <object name="cloud_1">
            <visual>
                <texture count="3" file="data/textures/level/cloudB_${NUM}.png" filter="NEAREST"/>
            </visual>
        </object>

        <object name="cloud_2">
            <visual>
                <texture count="3" file="data/textures/level/cloudC_${NUM}.png" filter="NEAREST"/>
            </visual>
        </object>

        <object name="cloud_3">
            <visual>
                <texture count="3" file="data/textures/level/cloudD_${NUM}.png" filter="NEAREST"/>
            </visual>
        </object>

        <object name="cloud_4">
            <visual>
                <texture count="3" file="data/textures/level/cloudE_${NUM}.png" filter="NEAREST"/>
            </visual>
        </object>

        <object name="cloud_5">
            <visual>
                <texture count="3" file="data/textures/level/cloudF_${NUM}.png" filter="NEAREST"/>
            </visual>
        </object>

        <object name="cloud_6">
            <visual>
                <texture count="3" file="data/textures/level/cloudG_${NUM}.png" filter="NEAREST"/>
            </visual>
        </object>

        <object name="cloud_7">
            <visual>
                <texture count="3" file="data/textures/level/cloudH_${NUM}.png" filter="NEAREST"/>
            </visual>
        </object>

        <object name="building01">
            <visual>
                <texture count="3" file="data/textures/level/buildingA_${NUM}.png" filter="NEAREST"/>
            </visual>
        </object>

        <object name="building02">
            <visual>
                <texture count="3" file="data/textures/level/buildingB_${NUM}.png" filter="NEAREST"/>
            </visual>
        </object>

        <object name="building03">
            <visual>
                <texture count="3" file="data/textures/level/buildingC_${NUM}.png" filter="NEAREST"/>
            </visual>
        </object>

        <object name="building04">
            <visual>
                <texture count="3" file="data/textures/level/buildingD_${NUM}.png" filter="NEAREST"/>
            </visual>
        </object>

        <object name="building05">
            <visual>
                <texture count="3" file="data/textures/level/buildingE_${NUM}.png" filter="NEAREST"/>
            </visual>
        </object>

        <object name="building06">
            <visual>
                <texture count="3" file="data/textures/level/buildingF_${NUM}.png" filter="NEAREST"/>
            </visual>
        </object>

        <object name="building07">
            <visual>
                <texture count="3" file="data/textures/level/buildingG_${NUM}.png" filter="NEAREST"/>
            </visual>
        </object>

        <object name="building08">
            <visual>
                <texture count="3" file="data/textures/level/buildingH_${NUM}.png" filter="NEAREST"/>
            </visual>
        </object>

        <object name="null_player_ship">
            <visual>
                <mesh genType="null"/>
            </visual>
            <!-- Don't need a collision signal for the player ship since other elements initiate the collision -->
            <collision filterCategoryBits="0x00000000" filterMaskBits="0x00000006" collisionSignal="false">
                <rectList radiusFromVisual="true" rectFromVisual="true" rectAsSizeModifier="true">
                    <rect x1="-5" y1="-5" x2="-5" y2="-5"/>
                </rectList>
                <!--<polygonList radiusFromVisual="true" pointsToModelView="true" optionalPointCheck="false">
                    <polygon>
                        <point x="5" y="5"/>
                        <point x="5" y="20"/>
                        <point x="40" y="20"/>
                        <point x="40" y="5"/>
                    </polygon>
                </polygonList>-->
            </collision>
            <size width="45" height="25"/>
        </object>

        <object name="player_ship_body">
            <visual>
                <texture file="data/textures/playerShip/blue_1_idle.png" filter="NEAREST"/>
            </visual>
        </object>

        <object name="player_fire_tail">
            <visual>
                <texture count="12" file="data/textures/playerShip/firetail_halfsize_pixel_${NUM}.png" filter="NEAREST"/>
            </visual>
        </object>

        <object name="player_shot">
            <visual>
                <texture file="data/textures/playerShip/projectile03-4.png" filter="NEAREST"/>
            </visual>
            <collision filterCategoryBits="0x00000001" filterMaskBits="0x00000000" collisionSignal="true">
                <!--<circle radiusFromVisual="true"/>-->
                <!--<rect radiusFromVisual="true" rectFromVisual="true"/>-->
                <pointList radiusFromVisual="true">
                    <point x="18" y="0"/>
                    <point x="-18" y="0"/>
                </pointList>
                <!--<lineList radiusFromVisual="true" pointsToModelView="true">
                    <line>
                        <point x="37" y="2"/>
                        <point x="0" y="2"/>
                    </line>
                </lineList>-->
                <!--<polygonList radiusFromVisual="true" pointsToModelView="true" optionalPointCheck="false">
                    <polygon>
                        <point x="0" y="0"/>
                        <point x="0" y="7"/>
                        <point x="16" y="7"/>
                        <point x="16" y="0"/>
                    </polygon>
                </polygonList>-->
            </collision>
        </object>

        <object name="enemy00_ship">
            <visual>
                <texture file="data/textures/enemyShip/enemy00.png"/>
            </visual>
            <collision filterCategoryBits="0x00000002" filterMaskBits="0x00000001" collisionSignal="true">

                <!--<polygonList radiusFromVisual="true" pointsToModelView="true" optionalPointCheck="false">
                    <polygon>
                        <point x="24" y="-2"/>
                        <point x="44" y="-2"/>
                        <point x="70" y="30"/>
                        <point x="70" y="64"/>
                        <point x="51" y="87"/>
                        <point x="18" y="87"/>
                        <point x="0" y="64"/>
                        <point x="0" y="30"/>
                    </polygon>
                </polygonList>-->

                <rectList radiusFromVisual="true" rectFromVisual="true" rectAsSizeModifier="true">
                    <rect x1="-5" y1="-1" x2="-5" y2="-1"/>
                </rectList>

                <!--<rectList radiusFromVisual="true" rectToModelView="true">
                    <rect x1="9" y1="12" x2="47" y2="120"/>
                    <rect x1="45" y1="17" x2="111" y2="102"/>
                    <rect x1="112" y1="12" x2="150" y2="120"/>
                </rectList>
                
                <circle radiusFromVisual="true"/>
                <point radiusFromVisual="true"/>
                <lineList radiusFromVisual="true" pointsToModelView="true">
                    <line>
                        <point x="78" y="5"/>
                        <point x="79" y="100"/>
                    </line>
                </lineList>-->
            </collision>
        </object>

        <object name="enemy01_ship">
            <visual>
                <texture file="data/textures/enemyShip/enemy01.png" />
            </visual>
            <collision filterCategoryBits="0x00000002" filterMaskBits="0x00000001" collisionSignal="true">
                
                <polygonList radiusFromVisual="true" pointsToModelView="true" optionalPointCheck="false">
                    <polygon>
                        <point x="26" y="1"/>
                        <point x="60" y="1"/>
                        <point x="111" y="115"/>
                        <point x="60" y="148"/>
                    </polygon>
                    <polygon>
                        <point x="60" y="128"/>
                        <point x="107" y="103"/>
                        <point x="126" y="229"/>
                        <point x="39" y="229"/>
                    </polygon>
                    <polygon>
                        <point x="56" y="223"/>
                        <point x="113" y="223"/>
                        <point x="113" y="297"/>
                        <point x="53" y="297"/>
                        <point x="0" y="268"/>
                        <point x="0" y="254"/>
                    </polygon>
                    <polygon>
                        <point x="35" y="291"/>
                        <point x="126" y="291"/>
                        <point x="99" y="427"/>
                        <point x="60" y="387"/>
                    </polygon>
                    <polygon>
                        <point x="60" y="337"/>
                        <point x="103" y="418"/>
                        <point x="38" y="520"/>
                        <point x="20" y="520"/>
                    </polygon>
                </polygonList>

            </collision>
        </object>

        <object name="enemy02_ship">
            <visual>
                <texture file="data/textures/enemyShip/enemy02.png"/>
            </visual>
            <collision filterCategoryBits="0x00000002" filterMaskBits="0x00000001" collisionSignal="true">
                <circle radius="25"/>
            </collision>
        </object>

        <object name="enemy_shot">
            <visual>
                <texture file="data/textures/enemyShip/projectile06-5.png" filter="NEAREST"/>
            </visual>
            <collision filterCategoryBits="0x00000004" filterMaskBits="0x00000000" collisionSignal="true">
                <circle radius="10"/>
            </collision>
        </object>

        <object name="hud_background">
            <visual>
                <shader id="shader_solid_2d"/>
                <color r="0" g="150" b="255" a="1"/>
            </visual>
            <size width="1280" height="66"/>
        </object>

        <object name="hud_frame">
            <visual>
                <texture file="data/textures/level/16x16_3_pixel_frame.png" filter="NEAREST"/>
                <mesh genType="scaled_frame">
                    <scaledFrame thicknessWidth="5" thicknessHeight="5" centerQuad="false"/>
                </mesh>
                <color r="48" g="97" b="153" a="1"/>
            </visual>
            <size width="1288" height="74"/>
        </object>

        <object name="level_frame">
            <visual>
                <texture file="data/textures/level/16x16_3_pixel_frame.png" filter="NEAREST"/>
                <mesh genType="scaled_frame">
                    <scaledFrame thicknessWidth="5" thicknessHeight="5" centerQuad="false"/>
                </mesh>
                <color r="48" g="97" b="153" a="1"/>
            </visual>
            <size width="158" height="74"/>
        </object>

        <object name="hud_screen_frame">
            <visual>
                <texture file="data/textures/level/16x16_3_pixel_frame.png" filter="NEAREST"/>
                <mesh genType="scaled_frame">
                    <scaledFrame thicknessWidth="5" thicknessHeight="5" centerQuad="false"/>
                </mesh>
                <color r="28" g="77" b="123" a="1"/>
            </visual>
            <size width="140" height="69"/>
        </object>

        <object name="level_background">
            <visual>
                <shader id="shader_solid_2d"/>
                <color r="0" g="150" b="255" a="1"/>
            </visual>
            <size width="153" height="66"/>
        </object>

        <object name="level_font">
            <visual>
                <mesh genType="font"/>
                <shader id="shader_2d"/>
                <color r="48" g="97" b="153" a="1"/>
            </visual>
        </object>

        <object name="level_progress_frame">
            <visual>
                <texture file="data/textures/level/8x8_1_pixel_frame.png" filter="NEAREST"/>
                <mesh genType="scaled_frame">
                    <scaledFrame thicknessWidth="3" thicknessHeight="3" centerQuad="true"/>
                </mesh>
                <color r="0" g="0" b="0" a="1"/>
            </visual>
            <size width="120" height="8"/>
        </object>
        
        <object name="level_progress_solid">
            <visual>
                <shader id="shader_solid_2d"/>
                <color r="0" g="255" b="0" a="0.8"/>
            </visual>
            <size width="114" height="4"/>
        </object>

        <object name="explode">
            <visual>
                <texture count="11" file="data/textures/explosion/explosion_${NUM}.png" filter="NEAREST"/>
            </visual>
        </object>

        <object name="marker">
            <visual>
                <texture file="data/textures/level/projectile02-4.png" filter="NEAREST"/>
            </visual>
        </object>

    </objectList>

</objectDataList2D>

