<?xml version="1.0"?>
<node defaultGroup="(main)">

    <node name="multiListTestNode" type="objectNodeMultiList">

        <object2d>
            <position x="400" y="-200" z="0"/>
            <!--<scale x=".5" y=".5" z="1"/>-->
        </object2d>

        <node type="spriteNodeMultiList">

            <sprite2d objectName="logo">
                <position x="0" y="0" z="0"/>
            </sprite2d>

            <node type="spriteNodeMultiList">

                <sprite2d objectName="square_red">
                    <position x="-150" y="150" z="0"/>
                    
                </sprite2d>

                <node type="spriteNodeMultiList">

                    <sprite2d objectName="circle_red">
                        <position x="0" y="80" z="0"/>
                    </sprite2d>

                    <node type="spriteNodeMultiList">

                        <sprite2d objectName="triangle_red">
                            <position x="0" y="70" z="0"/>
                        </sprite2d>

                    </node>

                </node>

            </node>

            <node type="spriteNodeMultiList">

                <sprite2d objectName="square_green">
                    <position x="0" y="150" z="0"/>
                </sprite2d>

                <node type="spriteNodeMultiList">

                    <sprite2d objectName="circle_green">
                        <position x="0" y="80" z="0"/>
                    </sprite2d>

                    <node type="spriteNodeMultiList">

                        <sprite2d objectName="triangle_green">
                            <position x="0" y="70" z="0"/>
                        </sprite2d>

                    </node>

                </node>

            </node>

            <node type="spriteNodeMultiList">

                <sprite2d objectName="square_blue">
                    <position x="150" y="150" z="0"/>
                </sprite2d>

                <node type="spriteNodeMultiList">

                    <sprite2d objectName="circle_blue">
                        <position x="0" y="80" z="0"/>
                    </sprite2d>

                    <node type="spriteNodeMultiList">

                        <sprite2d objectName="triangle_blue">
                            <position x="0" y="70" z="0"/>
                        </sprite2d>

                    </node>

                </node>

            </node>

        </node>

    </node>

    <!--<node name="player_ship" type="objectNodeMultiList">

        <object2d>
            <position x="-400" y="200" z="0"/>
            <scale x="1.5" y="1.5" z="1.5"/>
        </object2d>

        <node name="fire_tail" type="spriteNode">

            <sprite2d objectName="fire_tail">
                <position x="-120" y="-3" z="0"/>
                <scriptList>
                    <script update="loopAnimation"/>
                </scriptList>
            </sprite2d>

        </node>

        <node name="ship_body" type="spriteNode">

            <sprite2d objectName="player_ship">
            </sprite2d>

        </node>

        <node name="ship_gun" type="spriteNode">

            <sprite2d objectName="ship_gun">
                <centerPos x="10" y="0" z="0"/>
                <position x="20" y="0" z="0"/>
                <scriptList>
                    <script update="rotateGun"/>
                </scriptList>
            </sprite2d>

        </node>

    </node>

    <node name="projectile" type="spriteNode">

        <sprite2d objectName="projectile">
            <position x="0" y="0" z="0"/>
            <scriptList>
                <script update="MoveProjectile"/>
            </scriptList>
        </sprite2d>

    </node>-->

    <node name="square_red" type="spriteNode">

        <sprite2d objectName="square_red">
            <scale x=".9" y=".9" z="1"/>
            <scriptList>
                <script init="Run_Init"/>
                <script update="Run_Update"/>
            </scriptList>
        </sprite2d>

    </node>

    <node name="triangle_green" type="spriteNode">

        <sprite2d objectName="triangle_green">
            <scriptList>
                <script init="Run_Init"/>
                <script update="Run_Update"/>
            </scriptList>
        </sprite2d>

    </node>

    <node name="triangle_blue" type="spriteNode">

        <sprite2d objectName="triangle_blue">
            <scriptList>
                <script init="Run_Init"/>
                <script update="Run_Update"/>
            </scriptList>
        </sprite2d>

    </node>

    <node name="circle_green" type="spriteNode">

        <sprite2d objectName="circle_green">
            <scriptList>
                <script init="Run_Init"/>
                <script update="Run_Update"/>
            </scriptList>
        </sprite2d>

    </node>

    <node name="circle_blue" type="spriteNode">

        <sprite2d objectName="circle_blue">
            <scriptList>
                <script init="Run_Init"/>
                <script update="Run_Update"/>
            </scriptList>
        </sprite2d>

    </node>

    <node name="circle_red" type="spriteNode">

        <sprite2d objectName="circle_red">
            <scriptList>
                <script init="Run_Init"/>
                <script update="Run_Update"/>
            </scriptList>
        </sprite2d>

    </node>

    <node name="waffles" type="spriteNode">

        <sprite2d objectName="waffles">
            <position x="0" y="0" z="0"/>
        </sprite2d>

    </node>

    <node name="logo" type="spriteNode">

        <sprite2d objectName="logo">
            <position x="0" y="0" z="0"/>
        </sprite2d>

    </node>

</node>
