<listTable>

    <groupList groupName="(debug)">
        <file path="data/objects/2d/objectDataList/debug.lst"/>
    </groupList>
    
    <groupList groupName="(startup)">
        <file path="data/objects/2d/objectDataList/startupDataList.lst"/>
    </groupList>

    <groupList groupName="(loadingScreen)">
        <file path="data/objects/2d/objectDataList/loadingScreenDataList.lst"/>
    </groupList>

    <groupList groupName="(menu)">
        <file path="data/objects/2d/objectDataList/menuBackgrounds.lst"/>
        <file path="data/objects/2d/objectDataList/keybindingMenu.lst"/>
        <file path="data/objects/2d/objectDataList/menuOther.lst"/>
        <file path="data/objects/2d/objectDataList/menuGeneric.lst"/>
    </groupList>

    <groupList groupName="(lobby)">
        <file path="data/objects/2d/objectDataList/games/lobby/lobbyDataList.lst"/>
    </groupList>
    
    <groupList groupName="(slot)">
        <file path="data/objects/2d/objectDataList/symbolDataList.lst"/>
    </groupList>
    
    <groupList groupName="(run)">
        <file path="data/objects/2d/objectDataList/runDataList.lst"/>
    </groupList>

    <groupList groupName="(big_pay_back)">
        <file path="data/objects/2d/objectDataList/games/bigPayBack/basegame.lst"/>
        <file path="data/objects/2d/objectDataList/games/bigPayBack/miscDataList.lst"/>
	<file path="data/objects/2d/objectDataList/games/bigPayBack/symbolDataList.lst"/>
    </groupList>
  
</listTable>
