<objectDataList2D>

    <!-- DEFAULT DEFAULT DEFAULT DEFAULT DEFAULT DEFAULT DEFAULT DEFAULT -->
    <default>
        <visual>
            <mesh genType="quad"/>
            <color r="1" g="1" b="1" a="1"/>
            <shader id="shader_2d"/>
        </visual>
    </default>
    <!-- DEFAULT DEFAULT DEFAULT DEFAULT DEFAULT DEFAULT DEFAULT DEFAULT -->
  
    <objectList>
        
        <object name="logo">
            <visual defaultUniformScale="1.5">
                <texture file="data/textures/startup/logo.jpg"/>
            </visual>
        </object>
        
        <object name="loadAnim">
            <visual>
                <texture file="data/textures/loadingScreen/load.png"/>
            </visual>
        </object>
        
        <object name="load_font">
            <visual>
                <mesh genType="font">
                    <spriteSheet file=""/>
                </mesh>
            </visual>
        </object>

    </objectList>

</objectDataList2D>

