<objectDataList2D>

    <!-- DEFAULT DEFAULT DEFAULT DEFAULT DEFAULT DEFAULT DEFAULT DEFAULT -->
    <default  name="">
        <visual>
            <texture count="0" file="" compressed="false"/>
            <mesh genType="quad">
                <spriteSheet defIndex="0" glyphCount="0" columns="0"/>
                <scaledFrame thicknessWidth="" thicknessHeight="" centerQuad="" frameBottom=""/>
                <file name=""/>
            </mesh>
            <color r="206" g="70" b="33" a="1"/>
            <shader id="shader_2d"/>
        </visual>
        <physics world="">
            <body type="" linearDamping="0" angularDamping="0" fixedRotation="false"/>
            <fixtureLst>
                <fixture shape="" radius="0" chainLoop="false" friction="0.2" density="0.2" restitution="0.2">
                    <!-- vert list for polygon shapes - max of 8
                    Box2D polygons are defined using Counter Clockwise Winding (CCW)
                    <vert x="" y=""/> -->
                    <sizeMod top="0" bottom="0" left="0" right="0"/>
                </fixture>
            </fixtureLst>
        </physics>
        <size width="0" height="0"/>
    </default>
    <!-- DEFAULT DEFAULT DEFAULT DEFAULT DEFAULT DEFAULT DEFAULT DEFAULT -->
  
    <objectList>

        <object name="label_font">
            <visual>
                <mesh genType="font"/>
            </visual>
        </object>
        
        <object name="meter_font">
            <visual>
                <mesh genType="font"/>
                <color r="64" g="125" b="192" a="0"/>
            </visual>
        </object>

        <object name="control_font">
            <visual>
                <mesh genType="font"/>
            </visual>
        </object>

        <object name="275x55_button_solid">
            <visual>
                <shader id="shader_solid_2d"/>
                <color r="84" g="54" b="25" a="0.8"/>
            </visual>
            <size width="271" height="51"/>
        </object>

        <object name="145x55_button_solid">
            <visual>
                <shader id="shader_solid_2d"/>
                <color r="84" g="54" b="25" a="0.8"/>
            </visual>
            <size width="141" height="51"/>
        </object>

        <object name="125x55_button_solid">
            <visual>
                <shader id="shader_solid_2d"/>
                <color r="84" g="54" b="25" a="0.8"/>
            </visual>
            <size width="121" height="51"/>
        </object>

        <object name="28x28_button_solid">
            <visual>
                <shader id="shader_solid_2d"/>
                <color r="84" g="54" b="25" a="0.8"/>
            </visual>
            <size width="26" height="26"/>
        </object>

        <object name="button_slider">
            <visual>
                <texture file="data/textures/menu/menu_spriteSheet.png"/>
                <mesh genType="sprite_sheet">
                    <spriteSheet file="data/objects/2d/mesh/menu/menu.xml">
                        <glyph id="slider_button"/>
                    </spriteSheet>
                </mesh>
                <color r="153" g="70" b="48" a="217"/>
                <shader id="shader_2d_spriteSheet"/>
            </visual>
        </object>
        
        <object name="arrow_button_face">
            <visual>
                <texture file="data/textures/menu/menu_spriteSheet.png"/>
                <mesh genType="sprite_sheet">
                    <spriteSheet file="data/objects/2d/mesh/menu/menu.xml">
                        <glyph id="arrow"/>
                    </spriteSheet>
                </mesh>
                <shader id="shader_2d_spriteSheet"/>
            </visual>
        </object>

        <object name="arrow_button_solid">
            <visual>
                <shader id="shader_solid_2d"/>
                <color r="84" g="54" b="25" a="0.8"/>
            </visual>
            <size width="31" height="39"/>
        </object>

    </objectList>

</objectDataList2D>

