<?xml version="1.0"?>
<objectDataList2D>

    <!-- DEFAULT DEFAULT DEFAULT DEFAULT DEFAULT DEFAULT DEFAULT DEFAULT -->
    <default name="">
        <visual>
            <color r="1" g="1" b="1" a="1"/>
        </visual>
    </default>
    <!-- DEFAULT DEFAULT DEFAULT DEFAULT DEFAULT DEFAULT DEFAULT DEFAULT -->
  
    <objectList>
        
        <object name="loadAnim">
            <visual>
                <texture file="data/textures/loadingScreen/loading_spriteSheet.png"/>
                <mesh genType="sprite_sheet">
                    <spriteSheet defIndex="0" glyphCount="18" columns="6"/>
                </mesh>
                <shader id="shader_2d_spriteSheet"/>
            </visual>
        </object>

        <object name="load_font">
            <visual>
                <mesh genType="font">
                    <spriteSheet file=""/>
                </mesh>
                <shader id="shader_2d"/>
            </visual>
        </object>

    </objectList>

</objectDataList2D>

