<fontLst>

  <listGroup name="(font)"/>
  
  <fonts>

    <!-- the name of the font xml file and texture needs to be the same name except for the file extension -->
    <font name="dejavu_sans_cond_26" file="data/textures/fonts/dejavu_sans_cond_26"/>
    <font name="dejavu_sans_reg_bold_32" file="data/textures/fonts/dejavu_sans_reg_bold_32"/>
    <font name="dejavu_sans_cond_32" file="data/textures/fonts/dejavu_sans_cond_32"/>
    <font name="dejavu_sans_cond_bold_32" file="data/textures/fonts/dejavu_sans_cond_bold_32"/>
    <font name="dejavu_sans_reg_40" file="data/textures/fonts/dejavu_sans_reg_40"/>
    <font name="dejavu_sans_reg_45" file="data/textures/fonts/dejavu_sans_reg_45"/>
    <font name="dejavu_sans_bold_45" file="data/textures/fonts/dejavu_sans_bold_45"/>
    <font name="dejavu_sans_cond_45" file="data/textures/fonts/dejavu_sans_cond_45"/>
    <font name="dejavu_sans_bold_70" file="data/textures/fonts/dejavu_sans_bold_70"/>
    <font name="arial_black_170" file="data/textures/fonts/arial_black_170"/>
    <font name="arial_reg_45" file="data/textures/fonts/arial_reg_45"/>
    <font name="dejavu_sans_reg_bold_14" file="data/textures/fonts/dejavu_sans_reg_bold_14"/>
    <font name="dejavu_sans_reg_32" file="data/textures/fonts/dejavu_sans_reg_32"/>
    <font name="dejavu_sans_cond_24" file="data/textures/fonts/dejavu_sans_cond_24"/>
    
    <!--<font name="dejavu_sans_reg_32" file="data/textures/fonts/dejavu_sans_reg_32"/>
    <font name="dejavu_sans_bold_50" file="data/textures/fonts/dejavu_sans_bold_50"/>
    <font name="dejavu_sans_reg_70" file="data/textures/fonts/dejavu_sans_reg_70"/>
    <font name="dejavu_sans_reg_32" file="data/textures/fonts/dejavu_sans_reg_32"/>
    <font name="dejavu_sans_cond_28" file="data/textures/fonts/dejavu_sans_cond_28"/>
    <font name="dejavu_sans_reg_28" file="data/textures/fonts/dejavu_sans_reg_28"/>
    <font name="dejavu_sans_cond_24" file="data/textures/fonts/dejavu_sans_cond_24"/>-->

  </fonts>
  
</fontLst>
