<?xml version="1.0"?>
<soundList>

    <soundFiles>
        <load id="enemy_explosion_bang" file="data/sound/level/enemy/EXPLOSION_Subtle_Bang_stereo.ogg" defaultVolume="0.5"/>
        <load id="enemy_explosion_bright" file="data/sound/level/enemy/EXPLOSION_Subtle_Bright_stereo.ogg" defaultVolume="0.5"/>
        <load id="enemy_explosion_dark" file="data/sound/level/enemy/EXPLOSION_Subtle_Dark_stereo.ogg" defaultVolume="0.5"/>
        <load id="enemy_explosion_dirty" file="data/sound/level/enemy/EXPLOSION_Subtle_Dirty_Distorted_stereo.ogg" defaultVolume="0.5"/>
        <load id="enemy00_gun" file="data/sound/level/enemy/GUNAuto_PhantomFire_01.ogg" defaultVolume="0.5"/>
        <load id="enemy00_attack_building" file="data/sound/level/enemy/ALARM_Submarine_Slow_loop_stereo.ogg" defaultVolume="0.15"/>
        <load id="enemy01_desend" file="data/sound/level/enemy/CHARGE_Sci-Fi_High_Pass_Sweep_12_Semi_Down_4000ms_stereo.ogg" defaultVolume="0.25"/>
        <load id="enemy01_crash" file="data/sound/level/enemy/EXPLOSION_Long_Bright_Debris_Tail_stereo.ogg" defaultVolume="0.75"/>
        <load id="enemy01_loop_sound" file="data/sound/level/enemy/CHARGE_Sci-Fi_High_Pass_Sweep_12_Semi_Low_Loop_loop_stereo.ogg" defaultVolume="0.0"/>
        <load id="enemy01_desend_to_crash" file="data/sound/level/enemy/CHARGE_Servo_24_Semi_Down_2000ms_stereo.ogg" defaultVolume="0.8"/>
        <load id="enemy02_crash" file="data/sound/level/enemy/EXPLOSION_Distorted_01_Medium_stereo.ogg" defaultVolume="0.8"/>
        <load id="enemy02_loop_sound" file="data/sound/level/enemy/CHARGE_Servo_24_Semi_High_Loop_loop_stereo.ogg" defaultVolume="0.0"/>
    </soundFiles>

    <playlistSet>
        <playList id="enemy_explosion" playtype="random">
            <sound id="enemy_explosion_bang"/>
            <sound id="enemy_explosion_bright"/>
            <sound id="enemy_explosion_dark"/>
            <sound id="enemy_explosion_dirty"/>
        </playList>
    </playlistSet>

</soundList>
