<?xml version="1.0"?>
<soundList>

    <soundFiles>
        <load id="Blaster_B_Fire_01" file="data/sound/level/player/LASRGun_Classic_Blaster_B_Fire_01.ogg"/>
        <load id="Blaster_A_Fire_03" file="data/sound/level/player/LASRGun_Classic_Blaster_A_Fire_03.ogg"/>
        <load id="Blaster_A_Fire_05" file="data/sound/level/player/LASRGun_Classic_Blaster_A_Fire_05.ogg"/>
        <load id="Blaster_B_Fire_04" file="data/sound/level/player/LASRGun_Classic_Blaster_B_Fire_04.ogg"/>
        <load id="EXPLOSION_Impact" file="data/sound/level/player/EXPLOSION_Short_Impact_Explosion_stereo.ogg"/>
        <load id="EXPLOSION_Kickback" file="data/sound/level/player/EXPLOSION_Short_Bright_Kickback_stereo.ogg"/>
        <load id="EXPLOSION_Metllic" file="data/sound/level/player/EXPLOSION_Short_Fused_Impact_Metllic_Debris_stereo.ogg"/>
        <load id="player_explode" file="data/sound/level/player/EXPLOSION_Medium_Blast_Scatter_Debris_stereo.ogg"/>
    </soundFiles>

    <playlistSet>
        <playList id="player_gun_1" playtype="random">
            <sound id="Blaster_B_Fire_01"/>
            <sound id="Blaster_A_Fire_03"/>
            <sound id="Blaster_A_Fire_05"/>
            <sound id="Blaster_B_Fire_04"/>
        </playList>

        <playList id="player_hit" playtype="random">
            <sound id="EXPLOSION_Impact"/>
            <sound id="EXPLOSION_Kickback"/>
            <sound id="EXPLOSION_Metllic"/>
        </playList>
    </playlistSet>

</soundList>
