<objectDataList2D>

    <!-- DEFAULT DEFAULT DEFAULT DEFAULT DEFAULT DEFAULT DEFAULT DEFAULT -->
    <default  name="">
        <visual>
            <texture count="0" file="" compressed="false"/>
            <mesh genType="quad">
                <spriteSheet defIndex="" glyphCount="" columns=""/>
                <scaledFrame thicknessWidth="" thicknessHeight="" centerQuad="" frameBottom=""/>
                <file name=""/>
            </mesh>
            <color r="1" g="1" b="1" a="1"/>
            <shader id="shader_2d"/>
        </visual>
        <size width="0" height="0"/>
    </default>
    <!-- DEFAULT DEFAULT DEFAULT DEFAULT DEFAULT DEFAULT DEFAULT DEFAULT -->
  
    <objectList>

        <object name="HI1">
            <visual>
                <texture file="data/textures/slot/symbols/TBC_Reel_The.png"/>
            </visual>
        </object>
        
        <object name="HI2">
            <visual>
                <texture file="data/textures/slot/symbols/TBC_Reel_BIG.png"/>
            </visual>
        </object>
        
        <object name="HI3">
            <visual>
                <texture file="data/textures/slot/symbols/TBC_Reel_CashBack.png"/>
            </visual>
        </object>
        
        <object name="MED1">
            <visual>
                <texture file="data/textures/slot/symbols/TBC_Reel_Diamond.png"/>
            </visual>
        </object>
        
        <object name="MED2">
            <visual>
                <texture file="data/textures/slot/symbols/TBC_Reel_Gems.png"/>
            </visual>
        </object>
        
        <object name="MED3">
            <visual>
                <texture file="data/textures/slot/symbols/TBC_Reel_MoneyBags.png"/>
            </visual>
        </object>
        
        <object name="LOW1">
            <visual>
                <texture file="data/textures/slot/symbols/TBC_Reel_GoldBars.png"/>
            </visual>
        </object>
        
        <object name="LOW2">
            <visual>
                <texture file="data/textures/slot/symbols/TBC_Reel_Coins.png"/>
            </visual>
        </object>
        
        <object name="LOW3">
            <visual>
                <texture file="data/textures/slot/symbols/Cash__Back_Hog_Coin.png"/>
            </visual>
        </object>
        
        <object name="WILD">
            <visual>
                <texture file="data/textures/slot/symbols/TBC_Reel_Diamond.png"/>
            </visual>
        </object>
        
        <object name="BONUS">
            <visual>
                <texture file="data/textures/slot/symbols/TBC_Reel_Diamond.png"/>
            </visual>
        </object>
        
        <object name="reel_strip_mask_vert_5">
            <visual>
                <shader id="shader_solid_2d"/>
                <color r="1" g="1" b="1" a="1"/>
            </visual>
            <size width="160" height="640"/>
        </object>
        
        <object name="reel_strip_mask_vert_4">
            <visual>
                <shader id="shader_solid_2d"/>
                <color r="1" g="1" b="1" a="1"/>
            </visual>
            <size width="160" height="512"/>
        </object>
        
        <object name="reel_strip_mask_vert_3">
            <visual>
                <shader id="shader_solid_2d"/>
                <color r="1" g="1" b="1" a="1"/>
            </visual>
            <size width="160" height="384"/>
        </object>
        
        <object name="reel_strip_mask_vert_2">
            <visual>
                <shader id="shader_solid_2d"/>
                <color r="1" g="1" b="1" a="1"/>
            </visual>
            <size width="160" height="256"/>
        </object>
        
        <object name="reel_strip_mask_vert_1">
            <visual>
                <shader id="shader_solid_2d"/>
                <color r="1" g="1" b="1" a="1"/>
            </visual>
            <size width="160" height="128"/>
        </object>
        
        <object name="reel_strip_mask_horz_3">
            <visual>
                <shader id="shader_solid_2d"/>
                <color r="1" g="1" b="1" a="1"/>
            </visual>
            <size width="480" height="128"/>
        </object>
        
        <object name="reel_strip_mask_horz_2">
            <visual>
                <shader id="shader_solid_2d"/>
                <color r="1" g="1" b="1" a="1"/>
            </visual>
            <size width="320" height="128"/>
        </object>
        
        <object name="reel_strip_mask_horz_7">
            <visual>
                <shader id="shader_solid_2d"/>
                <color r="1" g="1" b="1" a="1"/>
            </visual>
            <size width="1120" height="128"/>
        </object>

    </objectList>

</objectDataList2D>

