<listTable>
    
    <groupList groupName="(startup)">
        <file path="data/objects/2d/objectDataList/startupDataList.lst"/>
    </groupList>

    <groupList groupName="(loadingScreen)">
        <file path="data/objects/2d/objectDataList/loadingScreenDataList.lst"/>
    </groupList>

    <groupList groupName="(menu)">
        <file path="data/objects/2d/objectDataList/menuBackgrounds.lst"/>
        <file path="data/objects/2d/objectDataList/menuButtonFrames.lst"/>
        <file path="data/objects/2d/objectDataList/menuMisc.lst"/>
    </groupList>

    <groupList groupName="(title_screen)">
        <file path="data/objects/2d/objectDataList/titleScreenDataList.lst"/>
    </groupList>
    
    <groupList groupName="(pachinko)">
        <file path="data/objects/2d/objectDataList/pachinkoDataList.lst"/>
    </groupList>
    
    <groupList groupName="(big_pay_back)">
        <file path="data/objects/2d/objectDataList/bigpayback.lst"/>
    </groupList>
  
</listTable>
