<objectDataList2D>

    <!-- DEFAULT DEFAULT DEFAULT DEFAULT DEFAULT DEFAULT DEFAULT DEFAULT -->
    <default  name="">
        <visual>
            <mesh genType="quad"/>
            <shader id="shader_2d"/>
        </visual>
    </default>
    <!-- DEFAULT DEFAULT DEFAULT DEFAULT DEFAULT DEFAULT DEFAULT DEFAULT -->
  
    <objectList>

        <object name="background">
            <visual defaultUniformScale="1.5">
                <texture file="data/textures/titleScreen/title_background-720.jpg"/>
            </visual>
        </object>
        
        <!--<object name="wheel">
            <visual>
                <texture file="data/textures/slot/wheel.png"/>
            </visual>
        </object>
        
        <object name="triangle">
            <visual>
                <texture file="data/textures/slot/triangle_green.png"/>
            </visual>
        </object>
        
        <object name="black_font">
            <visual>
                <mesh genType="font"/>
                <color r="0" g="0" b="0" a="1"/>
            </visual>
        </object>
        
        <object name="white_font">
            <visual>
                <mesh genType="font"/>
                <color r="1" g="1" b="1" a="1"/>
            </visual>
        </object>-->

    </objectList>

</objectDataList2D>

